Interactive Module Test started
Interactive Module Exports started
The command has indeed failed with message:
HB: Test.Mixin.axioms_ 
is not a factory or its library was not correctly imported
