Datatypes_nat__canonical__hnf_S =
{| S.sort := nat; S.class := {| S.hnf_M_mixin := HB_unnamed_mixin_11 |} |}
     : S.type
HB_unnamed_mixin_11 =
{| M.x := f.y nat HB_unnamed_factory_9 + 1 |}
     : M.axioms_ nat
Datatypes_bool__canonical__hnf_S =
{| S.sort := bool; S.class := {| S.hnf_M_mixin := hnf_f__to__hnf_M__14 |} |}
     : S.type
hnf_f__to__hnf_M__14 =
Builders_5.HB_unnamed_factory_7 bool HB_unnamed_factory_12
     : M.axioms_ bool
