The command has indeed failed with message:
HB: expecting a factory on T 
or a factory on a structure operation or tag. Got: B.phant_axioms T T1
